// Jest Snapshot v1, https://goo.gl/fbAQLP

exports[`Jest Examples validates snapshots 1`] = `
Object {
  "foo": "bar",
}
`;
